
> rpms@0.1.0 build
> next build

   Γû▓ Next.js 16.0.8 (Turbopack)
   - Environments: .env.local

   Creating an optimized production build ...
 Γ£ô Compiled successfully in 6.8s
   Running TypeScript ...
   Collecting page data using 11 workers ...
   Generating static pages using 11 workers (0/11) ...
   Generating static pages using 11 workers (2/11) 
   Generating static pages using 11 workers (5/11) 
   Generating static pages using 11 workers (8/11) 
 Γ£ô Generating static pages using 11 workers (11/11) in 1243.3ms
   Finalizing page optimization ...

Route (app)
Γöî Γùï /
Γö£ Γùï /_not-found
Γö£ Γùï /chat
Γö£ Γùï /dashboard
Γö£ ╞Æ /events/[id]
Γö£ Γùï /home
Γö£ Γùï /login
Γö£ ╞Æ /news/[id]
Γö£ Γùï /profile
Γö£ Γùï /settings
Γö£ Γùï /signup
Γöö Γùï /submit


Γùï  (Static)   prerendered as static content
╞Æ  (Dynamic)  server-rendered on demand

