=== RUN   TestPublicationWorkflow
2026/01/07 21:11:48 Successfully connected to database
[GIN] 2026/01/07 - 21:11:48 | 404 |            0s |                 | POST     "/api/v1/register"
    workflow_test.go:78: Failed to register author: 404 - 404 page not found
--- FAIL: TestPublicationWorkflow (1.85s)
FAIL
FAIL	command-line-arguments	1.896s
FAIL
